Archive Project report for X4_mimo_top
Thu Feb 24 16:10:00 2022
Quartus Prime Version 17.1.0 Build 590 10/25/2017 SJ Standard Edition


---------------------
; Table of Contents ;
---------------------
  1. Legal Notice
  2. Archive Project Summary
  3. Archive Project Messages
  4. Files Archived



----------------
; Legal Notice ;
----------------
Copyright (C) 2017  Intel Corporation. All rights reserved.
Your use of Intel Corporation's design tools, logic functions 
and other software and tools, and its AMPP partner logic 
functions, and any output files from any of the foregoing 
(including device programming or simulation files), and any 
associated documentation or information are expressly subject 
to the terms and conditions of the Intel Program License 
Subscription Agreement, the Intel Quartus Prime License Agreement,
the Intel FPGA IP License Agreement, or other applicable license
agreement, including, without limitation, that your use is for
the sole purpose of programming logic devices manufactured by
Intel and sold by Intel or its authorized distributors.  Please
refer to the applicable agreement for further details.



+----------------------------------------------------------------+
; Archive Project Summary                                        ;
+------------------------+---------------------------------------+
; Archive Project Status ; Successful - Thu Feb 24 16:10:00 2022 ;
; Revision Name          ; X4_mimo_top                           ;
; Top-level Entity Name  ; x4_mimo_top                           ;
; Family                 ; Cyclone IV E                          ;
+------------------------+---------------------------------------+


+--------------------------+
; Archive Project Messages ;
+--------------------------+
Info: File Set 'Source control' contains:
    Info: Project source and settings files
    Info: Automatically detected source files
Warning: Hierarchical Platform Designer systems and custom IP components(_hw.tcl and associated files) are not archived by the Quartus Archiver
Info: Archive will store files relative to the closest common parent directory
Info (13213): Using common directory I:/git_file/MIMO-UDP/x4_mimo_udp/FPGA_prj/
Info: ----------------------------------------------------------
Info: ----------------------------------------------------------
Info: Generated archive 'I:/git_file/MIMO-UDP/x4_mimo_udp/FPGA_prj/prj/X4_mimo_top.qar'
Info: ----------------------------------------------------------
Info: ----------------------------------------------------------
Info: Generated report 'X4_mimo_top.archive.rpt'
Info (23030): Evaluation of Tcl script d:/intelfpga/17.1/quartus/common/tcl/apps/qpm/qar.tcl was successful
Info: Quartus Prime Shell was successful. 0 errors, 1 warning
    Info: Peak virtual memory: 4823 megabytes
    Info: Processing ended: Thu Feb 24 16:10:00 2022
    Info: Elapsed time: 00:00:03
    Info: Total CPU time (on all processors): 00:00:02


+------------------------------------------------------------------------------+
; Files Archived                                                               ;
+------------------------------------------------------------------------------+
; File Name                                                                    ;
+------------------------------------------------------------------------------+
; ../src/data_process/data_process.v                                           ;
; ../src/data_process/frame_data_fifo.v                                        ;
; ../src/debounce/arp_debounce.v                                               ;
; ../src/debounce/udp_debounce.v                                               ;
; ../src/ethernet/auto_read_write.v                                            ;
; ../src/ethernet/crc.v                                                        ;
; ../src/ethernet/eth_arp_send.v                                               ;
; ../src/ethernet/eth_data_wr2ram.v                                            ;
; ../src/ethernet/eth_mac_send.v                                               ;
; ../src/ethernet/eth_receive.v                                                ;
; ../src/ethernet/eth_top.v                                                    ;
; ../src/ethernet/eth_udp_send.v                                               ;
; ../src/ethernet/generate_data.v                                              ;
; ../src/ip_core/global_clk.qsys                                               ;
; ../src/ip_core/global_clk.sopcinfo                                           ;
; ../src/ip_core/global_clk/global_clk.bsf                                     ;
; ../src/ip_core/global_clk/global_clk.cmp                                     ;
; ../src/ip_core/global_clk/global_clk.html                                    ;
; ../src/ip_core/global_clk/global_clk.ppf                                     ;
; ../src/ip_core/global_clk/global_clk.xml                                     ;
; ../src/ip_core/global_clk/global_clk_bb.v                                    ;
; ../src/ip_core/global_clk/global_clk_generation.rpt                          ;
; ../src/ip_core/global_clk/global_clk_inst.v                                  ;
; ../src/ip_core/global_clk/global_clk_inst.vhd                                ;
; ../src/ip_core/global_clk/synthesis/global_clk.debuginfo                     ;
; ../src/ip_core/global_clk/synthesis/global_clk.qip                           ;
; ../src/ip_core/global_clk/synthesis/global_clk.qip.bak                       ;
; ../src/ip_core/global_clk/synthesis/global_clk.v                             ;
; ../src/ip_core/global_clk/synthesis/submodules/global_clk_altclkctrl_0.v     ;
; ../src/spi_driver/spi_module.v                                               ;
; ../src/switch_driver/switch.v                                                ;
; ../src/syn_rst_n.v                                                           ;
; ../src/x4_mimo_top.v                                                         ;
; ../src/x4driver/cmd_ctrl.v                                                   ;
; ../src/x4driver/ram.qip                                                      ;
; ../src/x4driver/ram.v                                                        ;
; ../src/x4driver/X4_read_frame.v                                              ;
; d:/intelfpga/17.1/quartus/bin64/assignment_defaults.qdf                      ;
; I:/git_file/MIMO-UDP/x4_mimo_udp/FPGA_prj/src/data_process/data_process.v    ;
; I:/git_file/MIMO-UDP/x4_mimo_udp/FPGA_prj/src/data_process/frame_data_fifo.v ;
; I:/git_file/MIMO-UDP/x4_mimo_udp/FPGA_prj/src/debounce/arp_debounce.v        ;
; I:/git_file/MIMO-UDP/x4_mimo_udp/FPGA_prj/src/debounce/udp_debounce.v        ;
; I:/git_file/MIMO-UDP/x4_mimo_udp/FPGA_prj/src/eth_send_top.sdc               ;
; I:/git_file/MIMO-UDP/x4_mimo_udp/FPGA_prj/src/ethernet/auto_read_write.v     ;
; I:/git_file/MIMO-UDP/x4_mimo_udp/FPGA_prj/src/ethernet/crc.v                 ;
; I:/git_file/MIMO-UDP/x4_mimo_udp/FPGA_prj/src/ethernet/eth_arp_send.v        ;
; I:/git_file/MIMO-UDP/x4_mimo_udp/FPGA_prj/src/ethernet/eth_data_wr2ram.v     ;
; I:/git_file/MIMO-UDP/x4_mimo_udp/FPGA_prj/src/ethernet/eth_mac_send.v        ;
; I:/git_file/MIMO-UDP/x4_mimo_udp/FPGA_prj/src/ethernet/eth_receive.v         ;
; I:/git_file/MIMO-UDP/x4_mimo_udp/FPGA_prj/src/ethernet/eth_top.v             ;
; I:/git_file/MIMO-UDP/x4_mimo_udp/FPGA_prj/src/ethernet/eth_udp_send.v        ;
; I:/git_file/MIMO-UDP/x4_mimo_udp/FPGA_prj/src/ethernet/generate_data.v       ;
; I:/git_file/MIMO-UDP/x4_mimo_udp/FPGA_prj/src/ip_core/global_clk.qsys        ;
; I:/git_file/MIMO-UDP/x4_mimo_udp/FPGA_prj/src/spi_driver/spi_module.v        ;
; I:/git_file/MIMO-UDP/x4_mimo_udp/FPGA_prj/src/switch_driver/switch.v         ;
; I:/git_file/MIMO-UDP/x4_mimo_udp/FPGA_prj/src/syn_rst_n.v                    ;
; I:/git_file/MIMO-UDP/x4_mimo_udp/FPGA_prj/src/x4_mimo_top.v                  ;
; I:/git_file/MIMO-UDP/x4_mimo_udp/FPGA_prj/src/x4driver/cmd_ctrl.v            ;
; I:/git_file/MIMO-UDP/x4_mimo_udp/FPGA_prj/src/x4driver/ram.qip               ;
; I:/git_file/MIMO-UDP/x4_mimo_udp/FPGA_prj/src/x4driver/ram.v                 ;
; I:/git_file/MIMO-UDP/x4_mimo_udp/FPGA_prj/src/x4driver/X4_read_frame.v       ;
; X4_mimo_top.qpf                                                              ;
; X4_mimo_top.qsf                                                              ;
; X4_mimo_top.tcl                                                              ;
+------------------------------------------------------------------------------+


